Copyright 1986-2015 Xilinx, Inc. All Rights Reserved.
------------------------------------------------------------------------------------
| Tool Version : Vivado v.2015.4 (win64) Build 1412921 Wed Nov 18 09:43:45 MST 2015
| Date         : Thu Jan 19 09:38:22 2017
| Host         : MANTA-RAY running 64-bit major release  (build 9200)
| Command      : report_drc
------------------------------------------------------------------------------------

Report DRC

Table of Contents
-----------------
1. REPORT SUMMARY
2. REPORT DETAILS

1. REPORT SUMMARY
-----------------
            Netlist: netlist
          Floorplan: design_1
      Design limits: <entire design considered>
           Ruledeck: default
             Max violations: <unlimited>
             Violations found: 2

2. REPORT DETAILS
-----------------
PORTPROP-2#1 Warning
selectio_diff_term  
The port clk_ref_n has an invalid DIFF_TERM property value. For the target architecture, IOSTANDARD value DIFF_SSTL15 does not support on-chip input differential termination. The DIFF_TERM property value will be ignored.
Related violations: <none>

PORTPROP-2#2 Warning
selectio_diff_term  
The port clk_ref_p has an invalid DIFF_TERM property value. For the target architecture, IOSTANDARD value DIFF_SSTL15 does not support on-chip input differential termination. The DIFF_TERM property value will be ignored.
Related violations: <none>


